[tansianuniversity.edu.ng/index.html]
[tansianuniversity.edu.ng/images/favicon.ico]
[backblue.gif]
[fade.gif]
[index.html]
[tansianuniversity.edu.ng/upload/logo-white.png]
[tansianuniversity.edu.ng/images/logo.png]
[tansianuniversity.edu.ng/about.html]
[tansianuniversity.edu.ng/courses.html]
[tansianuniversity.edu.ng/campus-tour.html]
[tansianuniversity.edu.ng/fees.html]
[tansianuniversity.edu.ng/admissions.html]
[tansianuniversity.edu.ng/eportal.html]
[tansianuniversity.edu.ng/popup/popup.js]
[tansianuniversity.edu.ng/upload/slider-1-2.jpg]
[tansianuniversity.edu.ng/upload/slider-2.jpg]
[tansianuniversity.edu.ng/upload/icon-1.png]
[tansianuniversity.edu.ng/upload/icon-2.png]
[tansianuniversity.edu.ng/upload/icon-3.png]
[tansianuniversity.edu.ng/upload/icon-4.png]
[tansianuniversity.edu.ng/payment.html]
[tansianuniversity.edu.ng/upload/col-icon-1.png]
[tansianuniversity.edu.ng/upload/col-icon-2.png]
[tansianuniversity.edu.ng/upload/col-icon-3.png]
[tansianuniversity.edu.ng/upload/col-icon-4.png]
[tansianuniversity.edu.ng/upload/icon-play.png]
[tansianuniversity.edu.ng/upload/footer-logo.png]
[tansianuniversity.edu.ng/chancellor.html]
[tansianuniversity.edu.ng/pro-chancellor.html]
[tansianuniversity.edu.ng/vice-chancellor.html]
[tansianuniversity.edu.ng/deputy-vice-chancellor.html]
[tansianuniversity.edu.ng/registrar.html]
[tansianuniversity.edu.ng/bursar.html]
[tansianuniversity.edu.ng/founder.html]
[tansianuniversity.edu.ng/calendar.html]
[tansianuniversity.edu.ng/radio.html]
[tansianuniversity.edu.ng/films.html]
[tansianuniversity.edu.ng/sports.html]
[tansianuniversity.edu.ng/health-clinic.html]
[tansianuniversity.edu.ng/alumni.html]
[tansianuniversity.edu.ng/js/jquery/jquery.js]
[tansianuniversity.edu.ng/js/jquery/jquery-migrate.min.js]
[tansianuniversity.edu.ng/plugins/revslider/public/assets/js/jquery.themepunch.tools.min.js]
[tansianuniversity.edu.ng/plugins/revslider/public/assets/js/jquery.themepunch.revolution.min.js]
[tansianuniversity.edu.ng/plugins/revslider/public/assets/js/extensions/revolution.extension.slideanims.min.js]
[tansianuniversity.edu.ng/plugins/revslider/public/assets/js/extensions/revolution.extension.layeranimation.min.js]
[tansianuniversity.edu.ng/plugins/revslider/public/assets/js/extensions/revolution.extension.kenburn.min.js]
[tansianuniversity.edu.ng/plugins/revslider/public/assets/js/extensions/revolution.extension.parallax.min.js]
[tansianuniversity.edu.ng/plugins/revslider/public/assets/js/extensions/revolution.extension.actions.min.js]
[tansianuniversity.edu.ng/plugins/revslider/public/assets/js/extensions/revolution.extension.video.min.js]
[tansianuniversity.edu.ng/plugins/goodlayers-core/plugins/combine/script.js]
[tansianuniversity.edu.ng/plugins/goodlayers-core/include/js/page-builder.js]
[tansianuniversity.edu.ng/js/jquery/ui/effect.min.js]
[tansianuniversity.edu.ng/js/plugins.min.js]
[tansianuniversity.edu.ng/index.html]
[tansianuniversity.edu.ng/plugins/goodlayers-core/plugins/combine/fontawesome/fontawesome-webfont3e6e3e6e3e6e.eot]
[tansianuniversity.edu.ng/plugins/goodlayers-core/plugins/combine/fontawesome/fontawesome-webfontd41dd41dd41d.eot]
[tansianuniversity.edu.ng/plugins/goodlayers-core/plugins/combine/fontawesome/fontawesome-webfont3e6e3e6e3e6e.woff2]
[tansianuniversity.edu.ng/plugins/goodlayers-core/plugins/combine/fontawesome/fontawesome-webfont3e6e3e6e3e6e.woff]
[tansianuniversity.edu.ng/plugins/goodlayers-core/plugins/combine/fontawesome/fontawesome-webfont3e6e3e6e3e6e.ttf]
[tansianuniversity.edu.ng/plugins/goodlayers-core/plugins/combine/elegant/ElegantIcons.eot]
[tansianuniversity.edu.ng/plugins/goodlayers-core/plugins/combine/elegant/ElegantIconsd41dd41dd41d.eot]
[tansianuniversity.edu.ng/plugins/goodlayers-core/plugins/combine/elegant/ElegantIcons.woff]
[tansianuniversity.edu.ng/plugins/goodlayers-core/plugins/combine/elegant/ElegantIcons.ttf]
[tansianuniversity.edu.ng/plugins/goodlayers-core/plugins/combine/skin-lightgallery/lgd641d641d641.eot]
[tansianuniversity.edu.ng/plugins/goodlayers-core/plugins/combine/skin-lightgallery/lgd41dd41dd41d.eot]
[tansianuniversity.edu.ng/plugins/goodlayers-core/plugins/combine/skin-lightgallery/lgd641d641d641.woff]
[tansianuniversity.edu.ng/plugins/goodlayers-core/plugins/combine/skin-lightgallery/lgd641d641d641.ttf]
[tansianuniversity.edu.ng/plugins/goodlayers-core/plugins/combine/skin-lightgallery/vimeo-play.png]
[tansianuniversity.edu.ng/plugins/goodlayers-core/plugins/combine/skin-lightgallery/video-play.png]
[tansianuniversity.edu.ng/plugins/goodlayers-core/plugins/combine/skin-lightgallery/youtube-play.png]
[tansianuniversity.edu.ng/plugins/goodlayers-core/plugins/combine/skin-lightgallery/loading.gif]
[tansianuniversity.edu.ng/plugins/goodlayers-core/plugins/combine/style.css]
[tansianuniversity.edu.ng/plugins/goodlayers-core/include/images/blog-style/blog-item-gradient.png]
[tansianuniversity.edu.ng/plugins/goodlayers-core/include/images/blog-style/blog-item-gradient2.png]
[tansianuniversity.edu.ng/plugins/goodlayers-core/include/images/post-slider/gradient.png]
[tansianuniversity.edu.ng/plugins/goodlayers-core/include/images/gallery/gallery-shadow.png]
[tansianuniversity.edu.ng/plugins/goodlayers-core/include/images/portfolio/now-loading.gif]
[tansianuniversity.edu.ng/plugins/goodlayers-core/include/images/content-blocked.jpg]
[tansianuniversity.edu.ng/plugins/goodlayers-core/include/css/page-builder.css]
[tansianuniversity.edu.ng/plugins/revslider/public/assets/fonts/revicons/revicons.eot]
[tansianuniversity.edu.ng/plugins/revslider/public/assets/fonts/revicons/revicons.woff]
[tansianuniversity.edu.ng/plugins/revslider/public/assets/fonts/revicons/revicons.ttf]
[tansianuniversity.edu.ng/plugins/revslider/public/assets/css/openhand.html]
[tansianuniversity.edu.ng/plugins/revslider/public/assets/css/closedhand.html]
[tansianuniversity.edu.ng/plugins/revslider/public/assets/assets/gridtile.png]
[tansianuniversity.edu.ng/plugins/revslider/public/assets/assets/gridtile_white.png]
[tansianuniversity.edu.ng/plugins/revslider/public/assets/assets/gridtile_3x3.png]
[tansianuniversity.edu.ng/plugins/revslider/public/assets/assets/gridtile_3x3_white.png]
[tansianuniversity.edu.ng/plugins/revslider/public/assets/assets/coloredbg.png]
[tansianuniversity.edu.ng/plugins/revslider/public/assets/assets/loader.gif]
[tansianuniversity.edu.ng/plugins/revslider/public/assets/css/settings.css]
[tansianuniversity.edu.ng/images/preload.gif]
[tansianuniversity.edu.ng/images/page-title-background.jpg]
[tansianuniversity.edu.ng/images/blog-title-top-gradient.png]
[tansianuniversity.edu.ng/images/blog-title-gradient.png]
[tansianuniversity.edu.ng/images/404-background.jpg]
[tansianuniversity.edu.ng/upload/mega-menu-bg.65.delayed]
[tansianuniversity.edu.ng/css/style-core.css]
[tansianuniversity.edu.ng/upload/page-title.jpg]
[tansianuniversity.edu.ng/demo.goodlayers.com/kingster/wp-content/plugins/goodlayers-core/include/images/pattern/pattern-1.67.delayed]
[tansianuniversity.edu.ng/upload/about-bg-1.jpg]
[tansianuniversity.edu.ng/upload/about-bg-2.jpg]
[tansianuniversity.edu.ng/upload/about-bg-3.jpg]
[tansianuniversity.edu.ng/upload/link-bg.6b.delayed]
[tansianuniversity.edu.ng/upload/video-bg.jpg]
[tansianuniversity.edu.ng/upload/tab-1-1.jpg]
[tansianuniversity.edu.ng/upload/tab-2.jpg]
[tansianuniversity.edu.ng/upload/tab-3.jpg]
[tansianuniversity.edu.ng/upload/tab-4.jpg]
[tansianuniversity.edu.ng/upload/tab-bg.png]
[tansianuniversity.edu.ng/upload/col-bg-1.72.delayed]
[tansianuniversity.edu.ng/upload/col-bg-3.jpg]
[tansianuniversity.edu.ng/upload/newsletter-bg.jpg]
[tansianuniversity.edu.ng/upload/search-bg.jpg]
[tansianuniversity.edu.ng/upload/about-title-bg.jpg]
[tansianuniversity.edu.ng/upload/coming-soon.jpg]
[tansianuniversity.edu.ng/upload/objective.jpg]
[tansianuniversity.edu.ng/upload/usp.jpg]
[tansianuniversity.edu.ng/upload/graduates.jpg]
[tansianuniversity.edu.ng/css/kingster-style-custom.css]
[tansianuniversity.edu.ng/upload/iwene.jpg]
[tansianuniversity.edu.ng/upload/about-icon-1.png]
[tansianuniversity.edu.ng/upload/about-icon-2.png]
[tansianuniversity.edu.ng/upload/about-icon-3.png]
[tansianuniversity.edu.ng/about.html]
[tansianuniversity.edu.ng/courses.html]
[tansianuniversity.edu.ng/upload/campus_tour.jpg]
[tansianuniversity.edu.ng/upload/campus-logo.png]
[tansianuniversity.edu.ng/upload/staff.jpg]
[tansianuniversity.edu.ng/campus-tour.html]
[tansianuniversity.edu.ng/fees.html]
[tansianuniversity.edu.ng/upload/page-title-apply.jpg]
[tansianuniversity.edu.ng/upload/bigger_view.jpg]
[tansianuniversity.edu.ng/admissions.html]
[tansianuniversity.edu.ng/eportal.html]
[tansianuniversity.edu.ng/popup/popup.css]
[tansianuniversity.edu.ng/payment.html]
[tansianuniversity.edu.ng/upload/chancellor.jpg]
[tansianuniversity.edu.ng/chancellor.html]
[tansianuniversity.edu.ng/upload/pro.jpg]
[tansianuniversity.edu.ng/pro-chancellor.html]
[tansianuniversity.edu.ng/upload/vc.jpg]
[tansianuniversity.edu.ng/vice-chancellor.html]
[tansianuniversity.edu.ng/upload/dvc.jpg]
[tansianuniversity.edu.ng/deputy-vice-chancellor.html]
[tansianuniversity.edu.ng/upload/registrar.jpg]
[tansianuniversity.edu.ng/registrar.html]
[tansianuniversity.edu.ng/upload/bursar.jpg]
[tansianuniversity.edu.ng/bursar.html]
[tansianuniversity.edu.ng/upload/founder.jpg]
[tansianuniversity.edu.ng/founder.html]
[tansianuniversity.edu.ng/calendar.html]
[tansianuniversity.edu.ng/radio.html]
[tansianuniversity.edu.ng/films.html]
[tansianuniversity.edu.ng/sports.html]
[tansianuniversity.edu.ng/health-clinic.html]
[tansianuniversity.edu.ng/alumni.html]
[tansianuniversity.edu.ng/plugins/goodlayers-core/plugins/combine/fontawesome/fontawesome-webfont3e6e3e6e3e6e.svg]
[tansianuniversity.edu.ng/plugins/goodlayers-core/plugins/combine/elegant/ElegantIcons.svg]
[tansianuniversity.edu.ng/plugins/goodlayers-core/plugins/combine/skin-lightgallery/lgd641d641d641.svg]
[tansianuniversity.edu.ng/plugins/revslider/public/assets/fonts/revicons/revicons.svg]
[tansianuniversity.edu.ng/htdocs_error/style.css]
[tansianuniversity.edu.ng/plugins/revslider/public/assets/js/extensions/revolution.extension.navigation.min.js]
[maxcdn.bootstrapcdn.com/bootstrap/3.3.7/css/bootstrap.min.css]
[www.google-analytics.com/analytics.js]
[tansianuniversity.edu.ng/htdocs_error/something-lost.png]
[tansianuniversity.edu.ng/plugins/revslider/public/assets/css/openhand.html]
[tansianuniversity.edu.ng/plugins/revslider/public/assets/css/closedhand.html]
[tansianuniversity.edu.ng/upload/mega-menu-bg.html]
[tansianuniversity.edu.ng/demo.goodlayers.com/kingster/wp-content/plugins/goodlayers-core/include/images/pattern/pattern-1.html]
[tansianuniversity.edu.ng/upload/link-bg.html]
[tansianuniversity.edu.ng/upload/tab-1-1.html]
[tansianuniversity.edu.ng/upload/tab-2.html]
[tansianuniversity.edu.ng/upload/tab-3.html]
[tansianuniversity.edu.ng/upload/tab-4.html]
[tansianuniversity.edu.ng/upload/col-bg-1.html]
[tansianuniversity.edu.ng/upload/col-bg-3.html]
[tansianuniversity.edu.ng/upload/newsletter-bg.html]
[tansianuniversity.edu.ng/upload/search-bg.html]
[tansianuniversity.edu.ng/htdocs_error/style.html]
[maxcdn.bootstrapcdn.com/bootstrap/3.3.7/css/bootstrap.min.css]
[tansianuniversity.edu.ng/htdocs_error/something-lost.html]
[tansianuniversity.edu.ng/contact.html]
